{
  "statusCode" : 200,
  "body" : "Hello from http://www.instance.three.io"
}